file:///Users/andreasdietzel/Projects/briefing-mcp-server/test-functions.js:3
const { execSync } = require('child_process');
                     ^

ReferenceError: require is not defined in ES module scope, you can use import instead
This file is being treated as an ES module because it has a '.js' file extension and '/Users/andreasdietzel/Projects/briefing-mcp-server/package.json' contains "type": "module". To treat it as a CommonJS script, rename it to use the '.cjs' file extension.
    at file:///Users/andreasdietzel/Projects/briefing-mcp-server/test-functions.js:3:22
    at ModuleJob.run (node:internal/modules/esm/module_job:371:25)
    at async onImport.tracePromise.__proto__ (node:internal/modules/esm/loader:702:26)
    at async asyncRunEntryPointWithESMLoader (node:internal/modules/run_main:101:5)

Node.js v24.8.0
